Release 14.7 - xst P.20131013 (nt64)
Copyright (c) 1995-2013 Xilinx, Inc.  All rights reserved.
--> Parameter TMPDIR set to xst/projnav.tmp


Total REAL time to Xst completion: 0.00 secs
Total CPU time to Xst completion: 0.12 secs
 
--> Parameter xsthdpdir set to xst


Total REAL time to Xst completion: 0.00 secs
Total CPU time to Xst completion: 0.12 secs
 
--> Reading design: LCG.prj

TABLE OF CONTENTS
  1) Synthesis Options Summary
  2) HDL Compilation
  3) Design Hierarchy Analysis
  4) HDL Analysis
  5) HDL Synthesis
     5.1) HDL Synthesis Report
  6) Advanced HDL Synthesis
     6.1) Advanced HDL Synthesis Report
  7) Low Level Synthesis
  8) Partition Report
  9) Final Report
	9.1) Device utilization summary
	9.2) Partition Resource Summary
	9.3) TIMING REPORT


=========================================================================
*                      Synthesis Options Summary                        *
=========================================================================
---- Source Parameters
Input File Name                    : "LCG.prj"
Input Format                       : mixed
Ignore Synthesis Constraint File   : NO

---- Target Parameters
Output File Name                   : "LCG"
Output Format                      : NGC
Target Device                      : xc3s50a-5-vq100

---- Source Options
Top Module Name                    : LCG
Automatic FSM Extraction           : YES
FSM Encoding Algorithm             : Auto
Safe Implementation                : No
FSM Style                          : LUT
RAM Extraction                     : Yes
RAM Style                          : Auto
ROM Extraction                     : Yes
Mux Style                          : Auto
Decoder Extraction                 : YES
Priority Encoder Extraction        : Yes
Shift Register Extraction          : YES
Logical Shifter Extraction         : YES
XOR Collapsing                     : YES
ROM Style                          : Auto
Mux Extraction                     : Yes
Resource Sharing                   : YES
Asynchronous To Synchronous        : NO
Multiplier Style                   : Auto
Automatic Register Balancing       : No

---- Target Options
Add IO Buffers                     : YES
Global Maximum Fanout              : 100000
Add Generic Clock Buffer(BUFG)     : 24
Register Duplication               : YES
Slice Packing                      : YES
Optimize Instantiated Primitives   : NO
Use Clock Enable                   : Yes
Use Synchronous Set                : Yes
Use Synchronous Reset              : Yes
Pack IO Registers into IOBs        : Auto
Equivalent register Removal        : YES

---- General Options
Optimization Goal                  : Speed
Optimization Effort                : 1
Keep Hierarchy                     : No
Netlist Hierarchy                  : As_Optimized
RTL Output                         : Yes
Global Optimization                : AllClockNets
Read Cores                         : YES
Write Timing Constraints           : NO
Cross Clock Analysis               : NO
Hierarchy Separator                : /
Bus Delimiter                      : <>
Case Specifier                     : Maintain
Slice Utilization Ratio            : 100
BRAM Utilization Ratio             : 100
Verilog 2001                       : YES
Auto BRAM Packing                  : NO
Slice Utilization Ratio Delta      : 5

=========================================================================


=========================================================================
*                          HDL Compilation                              *
=========================================================================
Compiling vhdl file "C:/Users/Utkan/LabProject/LCG.vhd" in Library work.
Entity <lcg> compiled.
Entity <lcg> (Architecture <behavioral>) compiled.

=========================================================================
*                     Design Hierarchy Analysis                         *
=========================================================================
Analyzing hierarchy for entity <LCG> in library <work> (architecture <behavioral>) with generics.
	a = 29
	b = 7
	m = 65535


=========================================================================
*                            HDL Analysis                               *
=========================================================================
Analyzing generic Entity <LCG> in library <work> (Architecture <behavioral>).
	a = 29
	b = 7
	m = 65535
WARNING:Xst:1610 - "C:/Users/Utkan/LabProject/LCG.vhd" line 60: Width mismatch. <CURR> has a width of 16 bits but assigned expression is 32-bit wide.
Entity <LCG> analyzed. Unit <LCG> generated.


=========================================================================
*                           HDL Synthesis                               *
=========================================================================

Performing bidirectional port resolution...

Synthesizing Unit <LCG>.
    Related source file is "C:/Users/Utkan/LabProject/LCG.vhd".
    Found finite state machine <FSM_0> for signal <State>.
    -----------------------------------------------------------------------
    | States             | 3                                              |
    | Transitions        | 5                                              |
    | Inputs             | 1                                              |
    | Outputs            | 3                                              |
    | Clock              | CLK                       (rising_edge)        |
    | Power Up State     | 00                                             |
    | Encoding           | automatic                                      |
    | Implementation     | LUT                                            |
    -----------------------------------------------------------------------
    Found 1-bit register for signal <RUNNING>.
    Found 16-bit register for signal <CURR>.
    Found 16-bit register for signal <curr_int>.
    Found 16-bit adder for signal <curr_int$addsub0000>.
    Found 16x5-bit multiplier for signal <curr_int$mult0000> created at line 68.
    Summary:
	inferred   1 Finite State Machine(s).
	inferred  33 D-type flip-flop(s).
	inferred   1 Adder/Subtractor(s).
	inferred   1 Multiplier(s).
Unit <LCG> synthesized.

INFO:Xst:1767 - HDL ADVISOR - Resource sharing has identified that some arithmetic operations in this design can share the same physical resources for reduced device utilization. For improved clock frequency you may try to disable resource sharing.

=========================================================================
HDL Synthesis Report

Macro Statistics
# Multipliers                                          : 1
 16x5-bit multiplier                                   : 1
# Adders/Subtractors                                   : 1
 16-bit adder                                          : 1
# Registers                                            : 3
 1-bit register                                        : 1
 16-bit register                                       : 2

=========================================================================

=========================================================================
*                       Advanced HDL Synthesis                          *
=========================================================================

Analyzing FSM <FSM_0> for best encoding.
Optimizing FSM <State/FSM> on signal <State[1:2]> with sequential encoding.
-------------------
 State | Encoding
-------------------
 00    | 00
 01    | 01
 11    | 10
-------------------

=========================================================================
Advanced HDL Synthesis Report

Macro Statistics
# FSMs                                                 : 1
# Multipliers                                          : 1
 16x5-bit multiplier                                   : 1
# Adders/Subtractors                                   : 1
 16-bit adder                                          : 1
# Registers                                            : 33
 Flip-Flops                                            : 33

=========================================================================

=========================================================================
*                         Low Level Synthesis                           *
=========================================================================

Optimizing unit <LCG> ...

Mapping all equations...
Building and optimizing final netlist ...
Found area constraint ratio of 100 (+ 5) on block LCG, actual ratio is 2.

Final Macro Processing ...

=========================================================================
Final Register Report

Macro Statistics
# Registers                                            : 35
 Flip-Flops                                            : 35

=========================================================================

=========================================================================
*                           Partition Report                            *
=========================================================================

Partition Implementation Status
-------------------------------

  No Partitions were found in this design.

-------------------------------

=========================================================================
*                            Final Report                               *
=========================================================================
Final Results
RTL Top Level Output File Name     : LCG.ngr
Top Level Output File Name         : LCG
Output Format                      : NGC
Optimization Goal                  : Speed
Keep Hierarchy                     : No

Design Statistics
# IOs                              : 19

Cell Usage :
# BELS                             : 68
#      GND                         : 1
#      LUT2                        : 3
#      LUT3                        : 16
#      LUT4                        : 16
#      MUXCY                       : 15
#      VCC                         : 1
#      XORCY                       : 16
# FlipFlops/Latches                : 35
#      FD                          : 17
#      FDE                         : 16
#      FDR                         : 1
#      FDS                         : 1
# Clock Buffers                    : 1
#      BUFGP                       : 1
# IO Buffers                       : 18
#      IBUF                        : 1
#      OBUF                        : 17
# MULTs                            : 1
#      MULT18X18SIO                : 1
=========================================================================

Device utilization summary:
---------------------------

Selected Device : 3s50avq100-5 

 Number of Slices:                       19  out of    704     2%  
 Number of Slice Flip Flops:             35  out of   1408     2%  
 Number of 4 input LUTs:                 35  out of   1408     2%  
 Number of IOs:                          19
 Number of bonded IOBs:                  19  out of     68    27%  
 Number of MULT18X18SIOs:                 1  out of      3    33%  
 Number of GCLKs:                         1  out of     24     4%  

---------------------------
Partition Resource Summary:
---------------------------

  No Partitions were found in this design.

---------------------------


=========================================================================
TIMING REPORT

NOTE: THESE TIMING NUMBERS ARE ONLY A SYNTHESIS ESTIMATE.
      FOR ACCURATE TIMING INFORMATION PLEASE REFER TO THE TRACE REPORT
      GENERATED AFTER PLACE-and-ROUTE.

Clock Information:
------------------
-----------------------------------+------------------------+-------+
Clock Signal                       | Clock buffer(FF name)  | Load  |
-----------------------------------+------------------------+-------+
CLK                                | BUFGP                  | 35    |
-----------------------------------+------------------------+-------+

Asynchronous Control Signals Information:
----------------------------------------
No asynchronous control signals found in this design

Timing Summary:
---------------
Speed Grade: -5

   Minimum period: 7.633ns (Maximum Frequency: 131.004MHz)
   Minimum input arrival time before clock: 1.378ns
   Maximum output required time after clock: 5.271ns
   Maximum combinational path delay: No path found

Timing Detail:
--------------
All values displayed in nanoseconds (ns)

=========================================================================
Timing constraint: Default period analysis for Clock 'CLK'
  Clock period: 7.633ns (frequency: 131.004MHz)
  Total number of paths / destination ports: 1379 / 52
-------------------------------------------------------------------------
Delay:               7.633ns (Levels of Logic = 8)
  Source:            curr_int_10 (FF)
  Destination:       curr_int_15 (FF)
  Source Clock:      CLK rising
  Destination Clock: CLK rising

  Data Path: curr_int_10 to curr_int_15
                                Gate     Net
    Cell:in->out      fanout   Delay   Delay  Logical Name (Net Name)
    ----------------------------------------  ------------
     FDE:C->Q              3   0.495   0.451  curr_int_10 (curr_int_10)
     MULT18X18SIO:A10->P10    1   4.112   0.380  Mmult_curr_int_mult0000 (curr_int_mult0000<10>)
     LUT3:I2->O            1   0.561   0.000  curr_int_mux0002<10>1 (curr_int_mux0002<10>)
     MUXCY:S->O            1   0.523   0.000  Madd_curr_int_addsub0000_cy<10> (Madd_curr_int_addsub0000_cy<10>)
     MUXCY:CI->O           1   0.065   0.000  Madd_curr_int_addsub0000_cy<11> (Madd_curr_int_addsub0000_cy<11>)
     MUXCY:CI->O           1   0.065   0.000  Madd_curr_int_addsub0000_cy<12> (Madd_curr_int_addsub0000_cy<12>)
     MUXCY:CI->O           1   0.065   0.000  Madd_curr_int_addsub0000_cy<13> (Madd_curr_int_addsub0000_cy<13>)
     MUXCY:CI->O           0   0.065   0.000  Madd_curr_int_addsub0000_cy<14> (Madd_curr_int_addsub0000_cy<14>)
     XORCY:CI->O           1   0.654   0.000  Madd_curr_int_addsub0000_xor<15> (curr_int_addsub0000<15>)
     FDE:D                     0.197          curr_int_15
    ----------------------------------------
    Total                      7.633ns (6.802ns logic, 0.831ns route)
                                       (89.1% logic, 10.9% route)

=========================================================================
Timing constraint: Default OFFSET IN BEFORE for Clock 'CLK'
  Total number of paths / destination ports: 1 / 1
-------------------------------------------------------------------------
Offset:              1.378ns (Levels of Logic = 1)
  Source:            RUN (PAD)
  Destination:       State_FSM_FFd2 (FF)
  Destination Clock: CLK rising

  Data Path: RUN to State_FSM_FFd2
                                Gate     Net
    Cell:in->out      fanout   Delay   Delay  Logical Name (Net Name)
    ----------------------------------------  ------------
     IBUF:I->O             1   0.824   0.357  RUN_IBUF (RUN_IBUF)
     FDR:D                     0.197          State_FSM_FFd2
    ----------------------------------------
    Total                      1.378ns (1.021ns logic, 0.357ns route)
                                       (74.1% logic, 25.9% route)

=========================================================================
Timing constraint: Default OFFSET OUT AFTER for Clock 'CLK'
  Total number of paths / destination ports: 17 / 17
-------------------------------------------------------------------------
Offset:              5.271ns (Levels of Logic = 1)
  Source:            RUNNING (FF)
  Destination:       RUNNING (PAD)
  Source Clock:      CLK rising

  Data Path: RUNNING to RUNNING
                                Gate     Net
    Cell:in->out      fanout   Delay   Delay  Logical Name (Net Name)
    ----------------------------------------  ------------
     FDS:C->Q              2   0.495   0.380  RUNNING (RUNNING_OBUF)
     OBUF:I->O                 4.396          RUNNING_OBUF (RUNNING)
    ----------------------------------------
    Total                      5.271ns (4.891ns logic, 0.380ns route)
                                       (92.8% logic, 7.2% route)

=========================================================================


Total REAL time to Xst completion: 5.00 secs
Total CPU time to Xst completion: 4.92 secs
 
--> 

Total memory usage is 4551724 kilobytes

Number of errors   :    0 (   0 filtered)
Number of warnings :    1 (   0 filtered)
Number of infos    :    1 (   0 filtered)

